src/Api/appointment.api.ts(49,14): error TS2451: Cannot redeclare block-scoped variable 'getPastConsultations'.
src/Api/appointment.api.ts(56,14): error TS2451: Cannot redeclare block-scoped variable 'getPastConsultations'.
src/Api/index.ts(10,1): error TS2308: Module './user.api' has already exported a member named 'changePassword'. Consider explicitly re-exporting to resolve the ambiguity.
src/App.tsx(17,1): error TS6133: 'PERMISSIONS' is declared but its value is never read.
src/components/chat/AudioCall.tsx(154,47): error TS6133: 'data' is declared but its value is never read.
src/components/chat/AudioCall.tsx(228,46): error TS6133: 'data' is declared but its value is never read.
src/components/chat/MessageDisplay.tsx(14,53): error TS6133: 'currentUser' is declared but its value is never read.
src/components/chat/MessageInput.tsx(3,68): error TS6133: 'getFileIconUtil' is declared but its value is never read.
src/components/chat/MessageList.tsx(27,13): error TS2739: Type 'UserLite' is missing the following properties from type 'User': password, createdAt, updatedAt
src/components/chat/VideoCall.tsx(2,10): error TS6133: 'Phone' is declared but its value is never read.
src/components/chat/VideoCall.tsx(30,10): error TS6133: 'isRecording' is declared but its value is never read.
src/components/chat/VideoCall.tsx(223,46): error TS6133: 'data' is declared but its value is never read.
src/components/chat/VideoCall.tsx(230,47): error TS6133: 'data' is declared but its value is never read.
src/components/chat/VideoCall.tsx(245,9): error TS6133: 'createOffer' is declared but its value is never read.
src/components/ui/DoctorSearch.tsx(21,41): error TS6133: 'searchQuery' is declared but its value is never read.
src/contexts/ReviewModalContext.tsx(1,44): error TS1484: 'ReactNode' is a type and must be imported using a type-only import when 'verbatimModuleSyntax' is enabled.
src/contexts/ReviewModalContext.tsx(22,58): error TS6133: 'handleReviewSubmitted' is declared but its value is never read.
src/hooks/useConversations.ts(4,1): error TS6133: 'Appointment' is declared but its value is never read.
src/hooks/useConversations.ts(21,9): error TS6133: 'dispatch' is declared but its value is never read.
src/layout/doctorLayout/Appointments.tsx(4,88): error TS6133: 'Edit' is declared but its value is never read.
src/layout/doctorLayout/Appointments.tsx(4,94): error TS6133: 'Trash2' is declared but its value is never read.
src/layout/doctorLayout/Appointments.tsx(4,151): error TS6133: 'MapPin' is declared but its value is never read.
src/layout/doctorLayout/Appointments.tsx(163,9): error TS6133: 'formatDate' is declared but its value is never read.
src/layout/doctorLayout/Appointments.tsx(207,9): error TS6133: 'handleDeleteAppointment' is declared but its value is never read.
src/layout/doctorLayout/Messages.tsx(19,9): error TS6133: 'openReviewModal' is declared but its value is never read.
src/layout/doctorLayout/Messages.tsx(25,5): error TS6133: 'getUpcomingConversations' is declared but its value is never read.
src/layout/doctorLayout/Messages.tsx(26,5): error TS6133: 'getPastConversations' is declared but its value is never read.
src/layout/doctorLayout/profileLayout/Availability.tsx(1,21): error TS6133: 'useMemo' is declared but its value is never read.
src/layout/doctorLayout/profileLayout/Availability.tsx(18,20): error TS6133: 'loading' is declared but its value is never read.
src/layout/doctorLayout/profileLayout/Availability.tsx(33,9): error TS6133: 'keyToDayName' is declared but its value is never read.
src/layout/doctorLayout/profileLayout/Availability.tsx(146,9): error TS2322: Type 'string' is not assignable to type '{ [day: string]: { slots: { start: string; end: string; }[]; bufferTime: number; consultingDuration: number; }; }'.
src/layout/doctorLayout/profileLayout/BasicInfo.tsx(30,54): error TS2367: This comparison appears to be unintentional because the types 'FileType' and '"PHOTO"' have no overlap.
src/layout/doctorLayout/profileLayout/BasicInfo.tsx(32,20): error TS2345: Argument of type 'string | undefined' is not assignable to parameter of type 'SetStateAction<string | null>'.
  Type 'undefined' is not assignable to type 'SetStateAction<string | null>'.
src/layout/doctorLayout/profileLayout/BasicInfo.tsx(66,40): error TS2345: Argument of type '{ doctorProfile: { firstName: string; lastName: string; professionalBio: string; }; }' is not assignable to parameter of type 'Partial<User>'.
  Types of property 'doctorProfile' are incompatible.
    Type '{ firstName: string; lastName: string; professionalBio: string; }' is missing the following properties from type 'DoctorProfile': id, userId, specialization, yearsExperience, and 2 more.
src/layout/doctorLayout/profileLayout/ContactInfo.tsx(79,40): error TS2345: Argument of type '{ email: string; doctorProfile: { phoneNumber: string; officeAddress: string; city: string; state: string; zipCode: string; emergencyContact: string; }; }' is not assignable to parameter of type 'Partial<User>'.
  Types of property 'doctorProfile' are incompatible.
    Type '{ phoneNumber: string; officeAddress: string; city: string; state: string; zipCode: string; emergencyContact: string; }' is missing the following properties from type 'DoctorProfile': id, userId, firstName, lastName, and 4 more.
src/layout/doctorLayout/profileLayout/ProfessionalDetails.tsx(2,15): error TS6196: 'ChangeEvent' is declared but never used.
src/layout/doctorLayout/profileLayout/ProfessionalDetails.tsx(41,23): error TS2339: Property 'title' does not exist on type 'DoctorCertification'.
src/layout/doctorLayout/profileLayout/ProfessionalDetails.tsx(42,29): error TS2339: Property 'institution' does not exist on type 'DoctorCertification'.
src/layout/doctorLayout/profileLayout/ProfessionalDetails.tsx(43,22): error TS2339: Property 'year' does not exist on type 'DoctorCertification'.
src/layout/doctorLayout/profileLayout/ProfessionalDetails.tsx(63,40): error TS2345: Argument of type '{ doctorProfile: { specialization: string; yearsExperience: number; medicalLicense: string; }; }' is not assignable to parameter of type 'Partial<User>'.
  Types of property 'doctorProfile' are incompatible.
    Type '{ specialization: string; yearsExperience: number; medicalLicense: string; }' is missing the following properties from type 'DoctorProfile': id, userId, firstName, lastName, availability
src/layout/doctorLayout/profileLayout/ProfessionalDetails.tsx(73,23): error TS6133: 'id' is declared but its value is never read.
src/layout/doctorLayout/profileLayout/Sidebar.profile.tsx(2,10): error TS6133: 'Outlet' is declared but its value is never read.
src/layout/doctorLayout/Sidebar.tsx(6,25): error TS6133: 'disconnectChat' is declared but its value is never read.
src/layout/doctorLayout/Sidebar.tsx(9,55): error TS6133: 'Grid' is declared but its value is never read.
src/layout/doctorLayout/Sidebar.tsx(9,67): error TS6133: 'Stethoscope' is declared but its value is never read.
src/layout/doctorLayout/Sidebar.tsx(9,80): error TS6133: 'Bell' is declared but its value is never read.
src/layout/PatientLayout/Booking/Confirmation.tsx(7,1): error TS6133: 'BookingSummary' is declared but its value is never read.
src/layout/PatientLayout/Booking/ConsultationTypeStep.tsx(7,1): error TS6133: 'ConsultationType' is declared but its value is never read.
src/layout/PatientLayout/Booking/DoctorCard.tsx(2,1): error TS6133: 'Star' is declared but its value is never read.
src/layout/PatientLayout/BookingProces.tsx(100,9): error TS6133: 'canProceedToNextStep' is declared but its value is never read.
src/layout/PatientLayout/Messages.tsx(13,30): error TS2307: Cannot find module '../../components/examples/TestReviewSystem' or its corresponding type declarations.
src/layout/PatientLayout/Messages.tsx(26,5): error TS6133: 'getUpcomingConversations' is declared but its value is never read.
src/layout/PatientLayout/Messages.tsx(27,5): error TS6133: 'getPastConversations' is declared but its value is never read.
src/layout/PatientLayout/Messages.tsx(127,51): error TS6133: 'data' is declared but its value is never read.
src/layout/PatientLayout/Messages.tsx(242,9): error TS6133: 'handleConsultationEnd' is declared but its value is never read.
src/layout/PatientLayout/PastConsultation.tsx(5,1): error TS6133: 'Appointment' is declared but its value is never read.
src/layout/PatientLayout/PastConsultation.tsx(33,9): error TS6133: 'dispatch' is declared but its value is never read.
src/layout/PatientLayout/Reviews.tsx(4,16): error TS6133: 'Edit' is declared but its value is never read.
src/layout/PatientLayout/Reviews.tsx(5,1): error TS6133: 'Review' is declared but its value is never read.
src/layout/PatientLayout/Reviews.tsx(93,37): error TS2551: Property 'doctor' does not exist on type 'Review'. Did you mean 'doctorId'?
src/layout/PatientLayout/Reviews.tsx(93,64): error TS2551: Property 'doctor' does not exist on type 'Review'. Did you mean 'doctorId'?
src/layout/PatientLayout/Reviews.tsx(126,57): error TS2345: Argument of type 'string' is not assignable to parameter of type 'number'.
src/layout/PatientLayout/Settings.tsx(5,26): error TS6133: 'exportUserData' is declared but its value is never read.
src/layout/PatientLayout/Settings.tsx(16,3): error TS6133: 'Smartphone' is declared but its value is never read.
src/layout/PatientLayout/Settings.tsx(17,3): error TS6133: 'Mail' is declared but its value is never read.
src/layout/PatientLayout/Sidebar.tsx(7,25): error TS6133: 'disconnectChat' is declared but its value is never read.
src/layout/PatientLayout/Sidebar.tsx(15,3): error TS6133: 'Grid' is declared but its value is never read.
src/layout/PatientLayout/Sidebar.tsx(17,3): error TS6133: 'File' is declared but its value is never read.
src/layout/PatientLayout/Sidebar.tsx(21,3): error TS6133: 'Bell' is declared but its value is never read.
src/lib/permissions.ts(126,20): error TS6133: 'user' is declared but its value is never read.
src/lib/permissions.ts(126,26): error TS6133: 'resourceId' is declared but its value is never read.
src/pages/DoctorProfilePage.tsx(6,1): error TS6133: 'useAuthSelector' is declared but its value is never read.
src/pages/DoctorProfilePage.tsx(12,3): error TS6133: 'Calendar' is declared but its value is never read.
src/pages/DoctorProfilePage.tsx(17,3): error TS6133: 'MessageSquare' is declared but its value is never read.
src/pages/DoctorProfilePage.tsx(507,39): error TS2322: Type '{ slots: { start: string; end: string; }[]; bufferTime: number; consultingDuration: number; }' is not assignable to type 'ReactNode'.
src/pages/DoctorSearchPage.tsx(15,3): error TS6133: 'Filter' is declared but its value is never read.
src/pages/DoctorSearchPage.tsx(16,3): error TS6133: 'X' is declared but its value is never read.
src/pages/DoctorSearchPage.tsx(22,24): error TS6133: 'setSearchParams' is declared but its value is never read.
src/pages/DoctorSearchPage.tsx(29,10): error TS6133: 'showFilters' is declared but its value is never read.
src/pages/DoctorSearchPage.tsx(29,23): error TS6133: 'setShowFilters' is declared but its value is never read.
src/Redux/appointmentSlice/appointmentSlice.ts(129,9): error TS2740: Type '{ data: Appointment[]; }' is missing the following properties from type 'WritableDraft<Appointment>[]': length, pop, push, concat, and 29 more.
src/Redux/appointmentSlice/appointmentSlice.ts(142,9): error TS2740: Type '{ data: Appointment[]; }' is missing the following properties from type 'WritableDraft<Appointment>[]': length, pop, push, concat, and 29 more.
src/Redux/appointmentSlice/appointmentSlice.ts(143,29): error TS2339: Property 'pagination' does not exist on type '{ data: { data: Appointment[]; }; }'.
src/Redux/appointmentSlice/appointmentSlice.ts(144,39): error TS2339: Property 'pagination' does not exist on type '{ data: { data: Appointment[]; }; }'.
src/Redux/appointmentSlice/appointmentSlice.ts(145,40): error TS2339: Property 'pagination' does not exist on type '{ data: { data: Appointment[]; }; }'.
src/Redux/appointmentSlice/appointmentSlice.ts(146,40): error TS2339: Property 'pagination' does not exist on type '{ data: { data: Appointment[]; }; }'.
src/Redux/appointmentSlice/appointmentSlice.ts(160,9): error TS2740: Type '{ data: Appointment[]; }' is missing the following properties from type 'WritableDraft<Appointment>[]': length, pop, push, concat, and 29 more.
src/Redux/appointmentSlice/appointmentSlice.ts(161,29): error TS2339: Property 'pagination' does not exist on type '{ data: { data: Appointment[]; }; }'.
src/Redux/appointmentSlice/appointmentSlice.ts(162,39): error TS2339: Property 'pagination' does not exist on type '{ data: { data: Appointment[]; }; }'.
src/Redux/appointmentSlice/appointmentSlice.ts(163,40): error TS2339: Property 'pagination' does not exist on type '{ data: { data: Appointment[]; }; }'.
src/Redux/appointmentSlice/appointmentSlice.ts(164,40): error TS2339: Property 'pagination' does not exist on type '{ data: { data: Appointment[]; }; }'.
src/Redux/chatSlice/chatSlice.ts(316,35): error TS6133: 'state' is declared but its value is never read.
src/Redux/chatSlice/chatSlice.ts(316,42): error TS6133: 'action' is declared but its value is never read.
src/Redux/reviewSlice/reviewSlice.ts(70,50): error TS2345: Argument of type '{ doctorId: number; rating: number; comment?: string | undefined; appointmentId?: number | undefined; }' is not assignable to parameter of type 'Partial<Review>'.
  Types of property 'doctorId' are incompatible.
    Type 'number' is not assignable to type 'string'.
src/Redux/userSlice/userSlice.ts(64,26): error TS6133: 'state' is declared but its value is never read.
src/Redux/userSlice/userSlice.ts(64,33): error TS6133: 'action' is declared but its value is never read.
src/Redux/userSlice/userSlice.ts(91,47): error TS6133: 'state' is declared but its value is never read.
src/Redux/userSlice/userSlice.ts(91,54): error TS6133: 'action' is declared but its value is never read.
src/types/data/review.ts(1,1): error TS6133: 'DoctorProfile' is declared but its value is never read.
